  1 en-imperative formal old 0.16s -> 'send the report tomorrow'
  2 en-imperative formal new 0.42s -> 'send the report tomorrow'
  3 en-question formal old 0.16s -> 'can we schedule the meeting for next week?'
  4 en-question formal new 0.16s -> 'Can we schedule the meeting for next week?'
  5 en-already-formal formal old 0.24s -> 'Please transmit the report to the client immediately, and forward a copy to me.'
  6 en-already-formal formal new 0.25s -> 'Please send the report to the client today, and copy me on the reply.'
  7 en-run-on casual old 0.29s -> 'I reckon we should just ship it on Friday if nothing breaks.'
  8 en-run-on casual new 0.54s -> 'I reckon we should just ship it on Friday if nothing breaks.'
  9 en-numbers casual old 0.29s -> 'The invoice number is 423, and the amount is three thousand zloty.'
 10 en-numbers casual new 0.25s -> 'invoice number is 423, amount is three thousand zloty.'
 11 en-filler neutral old 0.27s -> 'um so basically I wanted to say that the deployment is done'
 12 en-filler neutral new 0.47s -> 'basically, the deployment is done'
 13 en-plan-run-on formal old 0.27s -> 'OK, the plan is to first test, then deploy, and finally watch the logs.'
 14 en-plan-run-on formal new 0.32s -> 'First, we will test. Subsequently, we will deploy, and finally, we will monitor '
 15 en-real-problem-polish formal old 0.16s -> 'The issue pertains solely to the polish.'
 16 en-real-problem-polish formal new 0.14s -> 'The problem lies solely with polish.'
 17 en-real-keyboard formal old 0.22s -> 'The keyboard simulation function operates intermittently. It does not consistent'
 18 en-real-keyboard formal new 0.2s -> 'Keyboard simulation is occasionally functioning. It is not consistently operatio'
 19 en-real-dispatch casual old 0.12s -> "dispatch prod after you're done"
 20 en-real-dispatch casual new 0.11s -> 'dispatch prod after you finish'
 21 en-real-pauses formal old 0.45s -> 'Also add a feature to ignore pauses. Essentially, this will create a sentence wi'
 22 en-real-pauses formal new 0.45s -> 'Also add a feature to ignore pauses. Essentially, the system creates a sentence '
wrote measure-15b-en.json (22 rows)
