  1 pl-imperative formal old 1.2s -> 'Wyślij raport do klienta dzisiaj.'
  2 pl-imperative formal new 2.43s -> 'Wyślij raport do klienta dzisiaj'
  3 pl-question formal old 1.09s -> 'Czy możemy przenieść spotkanie na przyszły tydzień?'
  4 pl-question formal new 1.06s -> 'Czy możemy przenieść spotkanie na przyszły tydzień'
  5 pl-already-formal formal old 1.64s -> 'Proszę o wysłanie raportu do klienta jeszcze dziś oraz o przesłanie mi kopii odp'
  6 pl-already-formal formal new 1.67s -> 'Proszę o wysłanie raportu do klienta jeszcze dziś oraz o przesłanie mi kopii odp'
  7 pl-run-on casual old 2.23s -> 'no więc myślę, że po prostu powinniśmy to wypuścić w piątek, jeśli nic się nie z'
  8 pl-run-on casual new 3.52s -> 'no więc myślę, że po prostu powinniśmy to wypuścić w piątek, jeśli nic się nie z'
  9 pl-numbers casual old 1.21s -> 'numer faktury to 423 a kwota to trzy tysiące złotych'
 10 pl-numbers casual new 1.35s -> 'numer faktury to 423 a kwota to trzy tysiące złotych'
 11 pl-filler neutral old 1.72s -> 'yyy no więc w sumie chciałem powiedzieć, że wdrożenie jest zrobione'
 12 pl-filler neutral new 3.06s -> 'yyy no więc w sumie chciałem powiedzieć, że że wdrożenie jest zrobione'
 13 pl-plan-run-on formal old 1.64s -> 'Najpierw testujemy, potem wdrażamy, a potem patrzymy w logi.'
 14 pl-plan-run-on formal new 1.67s -> 'Najpierw testujemy, potem wdrażamy, a potem patrzymy w logi.'
 15 pl-real-odzyskalem-formal formal old 2.78s -> 'Dobra wiadomość jest taka, że odzyskałem swój polski. Udało mi się zrobić fork. '
 16 pl-real-odzyskalem-formal formal new 2.82s -> 'Dobra wiadomość jest taka, że odzyskałem swój polski. Udało mi się zrobić fork. '
 17 pl-real-odzyskalem-casual casual old 2.79s -> 'Dobra wiadomość to taka, że odzyskałem swój polski. Udało mi się zrobić fork. Be'
 18 pl-real-odzyskalem-casual casual new 2.8s -> 'Dobra wiadomość to taka, że odzyskałem swój polski. Udało mi się zrobić fork. Be'
 19 pl-real-odzyskalem-neutral neutral old 2.71s -> 'Dobra wiadomość to to, że odzyskałem swój polski. Udało mi się zrobić fork. Ben '
 20 pl-real-odzyskalem-neutral neutral new 2.8s -> 'Dobra wiadomość jest taka, że odzyskałem swój polski. Udało mi się zrobić fork. '
 21 pl-real-ziameczku-formal formal old 2.57s -> 'Dobra, ziameczku, tak nie możesz tego zrobić. Musisz pójść zupełnie inną drogą. '
 22 pl-real-ziameczku-formal formal new 2.66s -> 'Dobra, ziameczku, tak nie możesz tego zrobić. Musisz pójść zupełnie inną drogą. '
 23 pl-real-ziameczku-casual casual old 2.56s -> 'Dobra ziameczku, tak nie możesz tego zrobić. Musisz pójść zupełnie inną drogą. B'
 24 pl-real-ziameczku-casual casual new 2.59s -> 'Dobra ziameczku, tak nie możesz tego zrobić. Musisz pójść zupełnie inną drogą. B'
 25 pl-real-ziameczku-neutral neutral old 2.52s -> 'Dobra ziameczku, tak nie możesz tego zrobić. Musisz pójść zupełnie inną drogą. B'
 26 pl-real-ziameczku-neutral neutral new 2.53s -> 'Dobra ziameczku tak nie możesz tego zrobić. Musisz pójść zupełnie inną drogą. Bo'
 27 pl-real-jeszcze-raz-formal formal old 1.85s -> 'Jeszcze raz transkrypcja w języku polskim, jeszcze raz transkrypcja w języku pol'
 28 pl-real-jeszcze-raz-formal formal new 1.87s -> 'Jeszcze raz transkrypcja w języku polskim, jeszcze raz transkrypcja w języku pol'
 29 pl-real-jeszcze-raz-casual casual old 1.86s -> 'Jeszcze raz transkrypcja w języku polskim, jeszcze raz transkrypcja w języku pol'
 30 pl-real-jeszcze-raz-casual casual new 1.87s -> 'Jeszcze raz transkrypcja w języku polskim, jeszcze raz transkrypcja w języku pol'
 31 pl-real-jeszcze-raz-neutral neutral old 1.88s -> 'Jeszcze raz transkrypcja w języku polskim, jeszcze raz transkrypcja w języku pol'
 32 pl-real-jeszcze-raz-neutral neutral new 1.9s -> 'Jeszcze raz transkrypcja w języku polskim, jeszcze raz transkrypcja w języku pol'
 33 pl-real-zarzucic-formal formal old 0.92s -> 'Mogę coś zarzucić za jej w tle.'
 34 pl-real-zarzucic-formal formal new 0.92s -> 'Mogę coś zarzucić za jej w tle.'
 35 pl-real-zarzucic-casual casual old 0.9s -> 'Mogę coś zarzucić za jej w tle.'
 36 pl-real-zarzucic-casual casual new 0.92s -> 'Mogę coś zarzucić za jej w tle.'
 37 pl-real-zarzucic-neutral neutral old 0.9s -> 'Mogę coś zarzucić za jej w tle.'
 38 pl-real-zarzucic-neutral neutral new 0.91s -> 'Mogę coś zarzucić za jej w tle.'
 39 pl-real-nagrywam-formal formal old 1.28s -> 'Teraz nagrywam w języku polskim, sprawdzam, jak to działa.'
 40 pl-real-nagrywam-formal formal new 1.28s -> 'Teraz nagrywam w języku polskim, sprawdzam, jak to działa.'
 41 pl-real-nagrywam-casual casual old 1.06s -> 'Teraz nagrywam po polsku, sprawdzam jak to działa.'
 42 pl-real-nagrywam-casual casual new 1.11s -> 'Teraz nagrywam po polsku, sprawdzam jak to działa.'
 43 pl-real-nagrywam-neutral neutral old 1.29s -> 'Teraz nagrywam w języku polskim, sprawdzam, jak to działa.'
 44 pl-real-nagrywam-neutral neutral new 1.29s -> 'Teraz nagrywam w języku polskim, sprawdzam, jak to działa.'
 45 pl-real-podgrywam-formal formal old 1.73s -> 'Teraz podgrywam w języku polskim, teraz nagrywam w języku polskim.'
 46 pl-real-podgrywam-formal formal new 1.74s -> 'Teraz podgrywam w języku polskim, teraz nagrywam w języku polskim.'
 47 pl-real-podgrywam-casual casual old 1.36s -> 'Teraz graję w polskim, teraz nagrywam w polskim.'
 48 pl-real-podgrywam-casual casual new 1.52s -> 'Teraz podgrywam w polskim, teraz nagrywam w polskim.'
 49 pl-real-podgrywam-neutral neutral old 1.77s -> 'Teraz podgrywam w języku polskim, teraz nagrywam w języku polskim.'
 50 pl-real-podgrywam-neutral neutral new 1.74s -> 'Teraz podgrywam w języku polskim, teraz nagrywam w języku polskim.'
 51 pl-real-probuje-formal formal old 0.65s -> 'Teraz próbuję coś nagrać.'
 52 pl-real-probuje-formal formal new 0.67s -> 'Teraz próbuję coś nagrać.'
 53 pl-real-probuje-casual casual old 0.65s -> 'Teraz próbuję coś nagrać.'
 54 pl-real-probuje-casual casual new 0.68s -> 'Teraz próbuję coś nagrać.'
 55 pl-real-probuje-neutral neutral old 0.74s -> 'Teraz próbuję coś nagrać.'
 56 pl-real-probuje-neutral neutral new 0.7s -> 'Teraz próbuję coś nagrać.'
wrote measure-8b-pl.json (56 rows)
