  1 en-imperative formal old 0.9s -> 'Please send the report tomorrow.'
  2 en-imperative formal new 3.91s -> 'Send the report tomorrow.'
  3 en-question formal old 0.99s -> 'May we reschedule the meeting to next week?'
  4 en-question formal new 0.66s -> 'Can we move the meeting to next week?'
  5 en-already-formal formal old 0.96s -> 'Please send the report to the client today and copy me on the reply.'
  6 en-already-formal formal new 1.03s -> 'Please send the report to the client today, and copy me on the reply.'
  7 en-run-on casual old 1.34s -> 'I think we should probably just ship it on Friday if nothing breaks.'
  8 en-run-on casual new 2.75s -> 'I think we should probably just ship it on Friday if nothing breaks.'
  9 en-numbers casual old 1.08s -> 'the invoice number is 423 and the amount is three thousand zloty'
 10 en-numbers casual new 1.1s -> 'the invoice number is 423 and the amount is three thousand zloty'
 11 en-filler neutral old 1.25s -> 'um so basically I wanted to say that the deployment is done'
 12 en-filler neutral new 2.65s -> 'um so basically I wanted to say that the deployment is done'
 13 en-plan-run-on formal old 1.12s -> 'The plan is first to test, then to deploy, and then to monitor the logs.'
 14 en-plan-run-on formal new 1.14s -> 'The plan is first to test, then to deploy, and then to watch the logs.'
 15 en-real-problem-polish formal old 0.56s -> 'The problem is only with polish.'
 16 en-real-problem-polish formal new 0.56s -> 'The problem is only with polish.'
 17 en-real-keyboard formal old 0.87s -> 'Keyboard simulation is functioning intermittently. It is not consistently operat'
 18 en-real-keyboard formal new 0.99s -> 'Keyboard simulation is working from time to time. It is not always working.'
 19 en-real-dispatch casual old 0.45s -> 'dispatch prod after you finish'
 20 en-real-dispatch casual new 0.46s -> 'dispatch prod after you finish'
 21 en-real-pauses formal old 1.89s -> 'Also add a feature to ignore pauses. Basically, it creates a sentence without a '
 22 en-real-pauses formal new 1.97s -> 'Also add a feature to ignore pauses. Basically, how it creates a sentence withou'
wrote measure-8b-en.json (22 rows)
